[lendr.network/index.html]
[backblue.gif]
[fade.gif]
[index.html]
[lendr.network/wp-content/uploads/2024/01/Screenshot-2024-01-12-114754.png]
[lendr.network/wp-content/plugins/header-footer-elementor/assets/css/header-footer-elementor4a8b.css]
[lendr.network/wp-content/themes/hello-elementor/theme.min653d.css]
[lendr.network/feed/index.html]
[lendr.network/comments/feed/index.html]
[lendr.network/wp-content/plugins/elementor/assets/css/frontend-lite.minf3b2.css]
[lendr.network/wp-content/plugins/essential-addons-for-elementor-lite/assets/front-end/css/view/general.mind9cd.css]
[lendr.network/wp-content/uploads/essential-addons-elementor/eael-4201ee01.css]
[lendr.network/wp-content/plugins/elementor/assets/lib/eicons/css/elementor-icons.min7bb8.css]
[lendr.network/wp-content/plugins/essential-addons-for-elementor-lite/assets/admin/images/templately/logo-icon.svg]
[lendr.network/wp-content/plugins/elementor/assets/lib/swiper/v8/css/swiper.min94a4.css]
[lendr.network/wp-content/uploads/elementor/css/post-98834.css]
[lendr.network/wp-content/uploads/elementor/css/global3127.css]
[lendr.network/wp-content/uploads/elementor/css/post-42019e51.css]
[lendr.network/wp-content/plugins/header-footer-elementor/inc/widgets-css/frontend4a8b.css]
[lendr.network/wp-content/uploads/elementor/css/post-42808834.css]
[lendr.network/wp-content/uploads/elementor/css/post-2948834.css]
[lendr.network/wp-content/themes/hello-elementor/style.min653d.css]
[lendr.network/wp-content/plugins/elementor/assets/css/modules/lazyload/frontend.minf3b2.css]
[lendr.network/wp-content/plugins/elementskit-lite/modules/elementskit-icon-pack/assets/css/ekiticons459e.css]
[lendr.network/wp-content/plugins/elementskit-lite/widgets/init/assets/css/widget-styles459e.css]
[lendr.network/wp-content/plugins/elementskit-lite/widgets/init/assets/css/responsive459e.css]
[lendr.network/wp-content/plugins/royal-elementor-addons/assets/css/lib/animations/text-animations.min9e29.css]
[lendr.network/wp-content/plugins/royal-elementor-addons/assets/css/frontend.min9e29.css]
[lendr.network/wp-content/plugins/elementor/assets/lib/font-awesome/css/all.mind9cd.css]
[lendr.network/wp-content/plugins/elementor/assets/lib/font-awesome/css/fontawesome.min52d5.css]
[lendr.network/wp-content/plugins/elementor/assets/lib/font-awesome/css/solid.min52d5.css]
[lendr.network/wp-content/plugins/elementor/assets/lib/font-awesome/css/regular.min52d5.css]
[lendr.network/wp-content/plugins/elementor/assets/lib/font-awesome/css/brands.min52d5.css]
[lendr.network/wp-content/plugins/google-analytics-for-wordpress/assets/js/frontend-gtag.min53b1.js]
[lendr.network/wp-includes/js/jquery/jquery.minf43b.js]
[lendr.network/wp-includes/js/jquery/jquery-migrate.min5589.js]
[lendr.network/wp-json/wp/v2/pages/4201.json]
[lendr.network/wp-json/index.html]
[lendr.network/wp-json/oembed/1.0/embedaaa2.json]
[lendr.network/wp-json/oembed/1.0/embed5a1b]
[lendr.network/wp-content/uploads/2023/05/Logo-1-150x150.png]
[lendr.network/wp-content/uploads/2023/05/Logo-1-300x300.png]
[lendr.network/wp-content/uploads/2023/11/Lendr-text-logo-BW-white-1.png]
[lendr.network/wp-content/uploads/2023/11/bnbchain-300x53.png]
[lendr.network/how-it-works/index.html]
[lendr.network/buying-guide/index.html]
[lendr.network/wp-content/uploads/2023/11/White-chainlink-logo-svg-300x98.png]
[lendr.network/lendrusd/index.html]
[lendr.network/referral-program/index.html]
[lendr.network/wp-content/uploads/2023/11/bw-1inch_color_black-300x118.png]
[lendr.network/lendrusre/index.html]
[lendr.network/team/index.html]
[lendr.network/wp-content/uploads/2023/11/White-Truflation_logo_2023-svg-300x60.png]
[lendr.network/wp-content/uploads/2023/11/White-trail-of-bits-dark-alt-300x180.png]
[lendr.network/wp-content/uploads/2023/11/white-immunefi-300x63.png]
[lendr.network/wp-content/uploads/2023/11/white-certik-300x100.png]
[lendr.network/wp-content/uploads/2023/11/white-solidproof-300x73.png]
[lendr.network/wp-content/uploads/2024/01/64b66d80b595f060191d8be2_build-badge-black-1-300x131.png]
[lendr.network/wp-content/uploads/2024/01/foundership-300x62.png]
[assets.mlcdn.com/fontsce3e.css]
[storage.mlcdn.com/account_image/569791/Jm68NlgNZcQgP79DATcR0jEe1Uf78UIwGBzC9rha.png]
[assets.mlcdn.com/ml/images/default/modal_close.png]
[groot.mailerlite.com/js/w/webforms.min1b34.js]
[lendr.network/wp-content/uploads/2023/11/Returns-From-Crypto-2-1024x768.png]
[lendr.network/wp-content/uploads/2023/12/Minimalist-Website-Launch-Computer-Mockup-Instagram-Post-1536x1194.png]
[lendr.network/wp-content/uploads/2023/11/Returns-From-Crypto-7-768x576.png]
[lendr.network/wp-content/uploads/2023/11/Returns-From-Crypto-9-768x576.png]
[lendr.network/wp-content/uploads/2023/12/Shapesy-768x576.png]
[lendr.network/wp-content/uploads/2023/11/Shapes-2-768x576.png]
[lendr.network/wp-content/uploads/2023/11/Returns-From-Crypto-8-768x576.png]
[lendr.network/wp-content/uploads/2023/11/Shapes-768x576.png]
[lendr.network/wp-content/uploads/2023/11/Ethereum-Emblem-white-2-768x220.png]
[lendr.network/wp-content/uploads/2023/11/bnbchain-768x137.png]
[lendr.network/wp-content/uploads/2023/11/arbitrum-logo-white-300x76.png]
[lendr.network/wp-content/uploads/2023/11/base-logo-white-300x77.png]
[lendr.network/wp-content/uploads/2023/11/optimism-logo-white-300x40.png]
[lendr.network/wp-content/uploads/2023/11/polygon-logo-white-300x66.png]
[lendr.network/wp-content/uploads/2023/11/avalanche-logo-white-svg-300x61.png]
[lendr.network/wp-content/uploads/2023/10/ps-citibank-01.jpg]
[lendr.network/wp-content/uploads/2023/06/chainlink-link-logo.png]
[lendr.network/wp-content/uploads/2023/10/BCG_MONOGRAM.png]
[lendr.network/wp-content/uploads/2023/09/CoinDesk_logo-svg.png]
[lendr.network/wp-content/uploads/2023/05/coinbase-coin-logo-C86F46D7B8-seeklogo.com_.png]
[lendr.network/wp-content/uploads/2023/05/bnb-chain-binance-smart-chain-logo.png]
[lendr.network/wp-content/uploads/2023/09/2019-pentagram-yahoo-logo-design-3.png]
[lendr.network/wp-content/uploads/2023/10/crypto.com-logo.png]
[lendr.network/wp-content/uploads/2023/05/TeamSeasLogo-300x133.png]
[lendr.network/wp-content/uploads/2023/05/IAR-300x300.jpg]
[lendr.network/wp-content/uploads/2023/05/th-1-300x94.jpg]
[lendr.network/wp-content/uploads/2023/05/th-300x193.jpg]
[lendr.network/wp-content/uploads/2023/05/PngItem_6138205-300x110.png]
[lendr.network/affiliate-program/index.html]
[lendr.network/wp-content/uploads/2023/05/Business_Insider_logo_wordmark_logotype-300x121.png]
[lendr.network/wp-content/uploads/2023/05/benzinga-logo-black-transparent-300x41.png]
[lendr.network/wp-content/uploads/2023/05/57a538a467bb46d984fa622fc9719cfe-300x94.png]
[lendr.network/wp-content/uploads/2023/05/cropped-btc-heights-logo-dark-1-2-300x72.png]
[lendr.network/wp-content/uploads/2023/05/Hashnews-logo-png-2-300x67.png]
[lendr.network/wp-content/uploads/2023/05/coindoo-logo-300x83.png]
[lendr.network/wp-content/uploads/2023/05/group-21-1-1-300x84.png]
[lendr.network/cdn-cgi/l/email-protection.html]
[assets.mlcdn.com/fontsa7ba.css]
[lendr.network/cdn-cgi/scripts/5c5dd728/cloudflare-static/email-decode.min.js]
[lendr.network/wp-content/plugins/elementor/assets/lib/animations/animations.minf3b2.css]
[lendr.network/wp-content/plugins/essential-addons-for-elementor-lite/assets/front-end/js/view/general.mind9cd.js]
[lendr.network/wp-content/uploads/essential-addons-elementor/eael-4201ee01.js]
[lendr.network/wp-content/plugins/royal-elementor-addons/assets/js/lib/particles/particles7c45.js]
[lendr.network/wp-content/plugins/royal-elementor-addons/assets/js/lib/jarallax/jarallax.minf184.js]
[lendr.network/wp-content/plugins/royal-elementor-addons/assets/js/lib/parallax/parallax.min5152.js]
[lendr.network/wp-content/themes/hello-elementor/assets/js/hello-frontend.min8a54.js]
[lendr.network/wp-content/plugins/elementskit-lite/libs/framework/assets/js/frontend-script459e.js]
[lendr.network/wp-content/plugins/elementskit-lite/widgets/init/assets/js/widget-scripts459e.js]
[lendr.network/wp-content/plugins/header-footer-elementor/inc/js/frontend4a8b.js]
[lendr.network/wp-content/plugins/gtranslate/js/popup1e39.js]
[lendr.network/wp-content/plugins/elementor/assets/js/webpack.runtime.minf3b2.js]
[lendr.network/wp-content/plugins/elementor/assets/js/frontend-modules.minf3b2.js]
[lendr.network/wp-content/plugins/elementor/assets/lib/waypoints/waypoints.min05da.js]
[lendr.network/wp-includes/js/jquery/ui/core.min3f14.js]
[lendr.network/wp-content/plugins/elementor/assets/js/frontend.minf3b2.js]
[lendr.network/wp-content/plugins/elementskit-lite/widgets/init/assets/js/animate-circle.min459e.js]
[lendr.network/wp-content/plugins/elementskit-lite/widgets/init/assets/js/elementor459e.js]
[lendr.network/wp-content/plugins/royal-elementor-addons/assets/js/frontend.min9e29.js]
[lendr.network/wp-content/plugins/royal-elementor-addons/assets/js/modal-popups.min9e29.js]
[lendr.network/wp-includes/js/underscore.mind584.js]
[lendr.network/wp-includes/js/wp-util.min1e39.js]
[lendr.network/index.html]
[lendr.network/xmlrpc.html]
[lendr.network/wp-content/plugins/header-footer-elementor/assets/css/header-footer-elementor4a8b.css]
[lendr.network/wp-content/themes/hello-elementor/theme.min653d.css]
[lendr.network/wp-content/plugins/elementor/assets/css/frontend-lite.minf3b2.css]
[lendr.network/wp-content/plugins/essential-addons-for-elementor-lite/assets/front-end/css/view/general.mind9cd.css]
[lendr.network/wp-content/uploads/essential-addons-elementor/eael-4201ee01.css]
[lendr.network/wp-content/plugins/wpforms-lite/assets/js/integrations/elementor/frontend.minbf90.js]
[lendr.network/wp-content/plugins/elementor/assets/lib/eicons/fonts/eicons080a.eot]
[lendr.network/wp-content/plugins/elementor/assets/lib/eicons/fonts/eicons080a.woff2]
[lendr.network/wp-content/plugins/elementor/assets/lib/eicons/fonts/eicons080a.woff]
[lendr.network/wp-content/plugins/elementor/assets/lib/eicons/fonts/eicons080a.ttf]
[lendr.network/wp-content/plugins/elementor/assets/lib/eicons/css/elementor-icons.min7bb8.css]
[lendr.network/wp-content/plugins/essential-addons-for-elementor-lite/assets/admin/images/templately/logo-icon.svg]
[lendr.network/wp-content/plugins/elementor/assets/lib/swiper/v8/css/swiper.min94a4.css]
[lendr.network/wp-content/uploads/elementor/css/post-98834.css]
[lendr.network/wp-content/uploads/elementor/css/global3127.css]
[lendr.network/wp-content/plugins/elementor/assets/lib/eicons/fonts/eicons080a.svg]
[lendr.network/wp-content/uploads/2023/11/Site-BG-scaled.jpg]
[lendr.network/wp-content/uploads/elementor/css/post-42019e51.css]
[lendr.network/wp-content/plugins/header-footer-elementor/inc/widgets-css/frontend4a8b.css]
[lendr.network/wp-content/uploads/elementor/css/post-42808834.css]
[lendr.network/wp-content/uploads/elementor/css/post-2948834.css]
[lendr.network/wp-content/themes/hello-elementor/style.min653d.css]
[lendr.network/wp-content/plugins/elementor/assets/css/modules/lazyload/frontend.minf3b2.css]
[lendr.network/wp-content/plugins/elementskit-lite/modules/elementskit-icon-pack/assets/fonts/elementskit97ac.woff]
[lendr.network/wp-content/plugins/elementskit-lite/modules/elementskit-icon-pack/assets/css/ekiticons459e.css]
[lendr.network/wp-content/plugins/elementskit-lite/widgets/init/assets/img/arrow.png]
[lendr.network/wp-content/plugins/elementskit-lite/widgets/init/assets/img/sort_asc.png]
[lendr.network/wp-content/plugins/elementskit-lite/widgets/init/assets/img/sort_desc.png]
[lendr.network/wp-content/plugins/elementskit-lite/widgets/init/assets/img/sort_asc_disabled.png]
[lendr.network/wp-content/plugins/elementskit-lite/widgets/init/assets/css/widget-styles459e.css]
[lendr.network/wp-content/plugins/elementskit-lite/widgets/init/assets/css/responsive459e.css]
[lendr.network/wp-content/plugins/royal-elementor-addons/assets/css/lib/animations/text-animations.min9e29.css]
[lendr.network/wp-content/plugins/royal-elementor-addons/assets/css/frontend.min9e29.css]
[lendr.network/wp-content/plugins/elementskit-lite/widgets/init/assets/img/cross-out.svg]
[lendr.network/wp-content/plugins/elementor/assets/lib/font-awesome/webfonts/fa-brands-400.eot]
[lendr.network/wp-content/plugins/elementor/assets/lib/font-awesome/webfonts/fa-brands-400d41d.eot]
[lendr.network/wp-content/plugins/elementor/assets/lib/font-awesome/webfonts/fa-brands-400.woff2]
[lendr.network/wp-content/plugins/elementor/assets/lib/font-awesome/webfonts/fa-brands-400.woff]
[lendr.network/wp-content/plugins/elementor/assets/lib/font-awesome/webfonts/fa-brands-400.ttf]
[lendr.network/wp-content/plugins/elementor/assets/lib/font-awesome/webfonts/fa-brands-400.svg]
[lendr.network/wp-content/plugins/elementor/assets/lib/font-awesome/webfonts/fa-regular-400.eot]
[lendr.network/wp-content/plugins/elementor/assets/lib/font-awesome/webfonts/fa-regular-400d41d.eot]
[lendr.network/wp-content/plugins/elementor/assets/lib/font-awesome/webfonts/fa-regular-400.woff2]
[lendr.network/wp-content/plugins/elementor/assets/lib/font-awesome/webfonts/fa-regular-400.woff]
[lendr.network/wp-content/plugins/elementor/assets/lib/font-awesome/webfonts/fa-regular-400.ttf]
[lendr.network/wp-content/plugins/elementor/assets/lib/font-awesome/webfonts/fa-regular-400.svg]
[lendr.network/wp-content/plugins/elementor/assets/lib/font-awesome/webfonts/fa-solid-900.eot]
[lendr.network/wp-content/plugins/elementor/assets/lib/font-awesome/webfonts/fa-solid-900d41d.eot]
[lendr.network/wp-content/plugins/elementor/assets/lib/font-awesome/webfonts/fa-solid-900.woff2]
[lendr.network/wp-content/plugins/elementor/assets/lib/font-awesome/webfonts/fa-solid-900.woff]
[lendr.network/wp-content/plugins/elementor/assets/lib/font-awesome/webfonts/fa-solid-900.ttf]
[lendr.network/wp-content/plugins/elementor/assets/lib/font-awesome/css/all.mind9cd.css]
[lendr.network/wp-content/plugins/elementor/assets/lib/font-awesome/css/fontawesome.min52d5.css]
[lendr.network/wp-content/plugins/elementor/assets/lib/font-awesome/css/solid.min52d5.css]
[lendr.network/wp-content/plugins/elementor/assets/lib/font-awesome/css/regular.min52d5.css]
[lendr.network/wp-content/plugins/elementor/assets/lib/font-awesome/css/brands.min52d5.css]
[lendr.network/xmlrpc0db0.html]
[lendr.network/wp-content/plugins/elementor/assets/lib/font-awesome/webfonts/fa-solid-900.svg]
[lendr.network/wp-content/uploads/2023/05/Logo-1.png]
[lendr.network/wp-content/uploads/elementor/css/post-6495ce2.css]
[lendr.network/wp-json/wp/v2/pages/649.json]
[lendr.network/wp-json/oembed/1.0/embeded4f.json]
[lendr.network/wp-json/oembed/1.0/embed909b]
[lendr.network/wp-content/uploads/2023/07/Screenshot-2023-06-30-012646-1024x345.png]
[lendr.network/wp-content/uploads/2023/06/FUSD-and-FFEE-Quick-Start-Guide.png]
[lendr.network/wp-content/uploads/2023/05/Stablecoin-Comparison-2187-×-1080-px-2-1024x506.png]
[lendr.network/how-it-works/index.html]
[lendr.network/wp-content/uploads/elementor/css/post-2794382f.css]
[lendr.network/wp-json/wp/v2/pages/2794.json]
[lendr.network/wp-json/oembed/1.0/embed4b15.json]
[lendr.network/wp-json/oembed/1.0/embede9c9]
[lendr.network/wp-content/uploads/2023/08/Metamask-Download.png]
[lendr.network/wp-content/uploads/2023/08/Trustwallet-Download.png]
[lendr.network/buying-guide/index.html]
[lendr.network/wp-content/uploads/elementor/css/post-3776ba30.css]
[lendr.network/wp-json/wp/v2/pages/3776.json]
[lendr.network/wp-json/oembed/1.0/embed6ddb.json]
[lendr.network/referral-program/index.html]
[lendr.network/wp-json/oembed/1.0/embed93f3]
[lendr.network/wp-content/uploads/elementor/css/post-36439533.css]
[lendr.network/wp-json/wp/v2/pages/3643.json]
[lendr.network/wp-json/oembed/1.0/embedc3e4.json]
[lendr.network/wp-json/oembed/1.0/embed2fad]
[lendr.network/wp-content/uploads/2023/11/LendrUSD-Text-Logo.png]
[lendr.network/wp-content/uploads/2023/11/Returns-From-Crypto-9-1024x768.png]
[lendr.network/wp-content/uploads/2023/11/USD-spending-power2-e1699908716627.png]
[lendr.network/wp-content/uploads/2023/09/Stablecoin-Comparison-2187-×-1080-px-2-1024x506.png]
[lendr.network/wp-content/uploads/2023/05/Logo-1-768x768.png]
[lendr.network/wp-content/uploads/2023/07/spaces_-MdJrJV-Z8jLCR-JNtlx_uploads_iEWLEOpo5X60d3INULja_pinksale-2000x1000-transparent-e1692754899392-300x89.webp]
[lendr.network/wp-content/uploads/2023/07/dexview-black-text-transparent-300x71.png]
[lendr.network/wp-content/uploads/2023/07/39501128-e66e2a18-4d6d-11e8-9e16-88655102da6c-300x52.png]
[lendr.network/wp-content/uploads/2023/07/coingecko-300x80.png]
[lendr.network/lendrusd/index.html]
[lendr.network/wp-content/uploads/2023/06/LendrRE-Logo.png]
[lendr.network/wp-content/uploads/essential-addons-elementor/eael-29702081.css]
[lendr.network/wp-content/uploads/elementor/css/post-2970f2c2.css]
[lendr.network/wp-json/wp/v2/pages/2970.json]
[lendr.network/wp-json/oembed/1.0/embed6985.json]
[lendr.network/wp-json/oembed/1.0/embed546b]
[lendr.network/wp-content/uploads/2023/11/LendrUSRE-Text-Logo.png]
[lendr.network/wp-content/uploads/2023/11/Returns-From-Crypto-7-1024x768.png]
[lendr.network/wp-content/uploads/2023/08/us-real-estate.jpg]
[lendr.network/wp-content/uploads/2023/08/LendrR-1-768x767.png]
[lendr.network/wp-content/plugins/elementor/assets/lib/font-awesome/css/v4-shims.mind9cd.css]
[lendr.network/lendrusre/index.html]
[lendr.network/wp-content/uploads/essential-addons-elementor/eael-29702081.js]
[lendr.network/wp-content/uploads/essential-addons-elementor/eael-3887cc5.css]
[lendr.network/wp-content/uploads/elementor/css/post-388f27c.css]
[lendr.network/wp-json/wp/v2/pages/388.json]
[lendr.network/wp-json/oembed/1.0/embed4efe.json]
[lendr.network/wp-json/oembed/1.0/embed54bf]
[lendr.network/wp-content/uploads/2023/03/NathajiMHeadshot-scaled-e1622235015247-300x300-1.jpg]
[lendr.network/wp-content/uploads/2023/11/1570740128020.jpg]
[lendr.network/wp-content/uploads/2023/10/Screenshot-2021-11-23-at-16.01.43.png]
[lendr.network/wp-content/uploads/2023/08/242709727_290681946204334_2650898355468154246_n-768x767.jpg]
[lendr.network/wp-content/uploads/2023/08/1658444621307-300x300.jpg]
[lendr.network/wp-content/uploads/2023/04/Cute_Cyber_Punk_19_1642892727654-300x225.png]
[lendr.network/wp-content/uploads/2023/04/Cute_Cyber_Punk_36_1642939671933-300x225.png]
[lendr.network/wp-content/uploads/2023/08/Cute_Cyber_Punk_12_1642891923323.png]
[lendr.network/wp-content/uploads/2023/08/Christmas_Cute_Character_029_1638445490791-768x768.jpg]
[lendr.network/wp-content/uploads/2023/08/Cute_Cyber_Punk_35_1642939583008-300x225.png]
[lendr.network/wp-content/uploads/2023/08/Christmas_Cute_Character_043_1638867722994-300x300.jpg]
[lendr.network/team/index.html]
[assets.mlcdn.com/fontsce3e.css]
[lendr.network/wp-content/uploads/2023/09/Screenshot-2023-09-13-205720.png]
[lendr.network/wp-content/uploads/elementor/css/post-37204fde.css]
[lendr.network/wp-json/wp/v2/pages/3720.json]
[lendr.network/wp-json/oembed/1.0/embed9283.json]
[lendr.network/wp-json/oembed/1.0/embed7e4e]
[lendr.network/wp-content/uploads/2023/09/LNDR-BSC-Presale-300x300.png]
[lendr.network/wp-content/uploads/2023/09/Stablecoin-Comparison-2187-×-1080-px-2-300x148.png]
[lendr.network/wp-content/uploads/2023/08/Big-Logo-300x300.png]
[lendr.network/wp-content/uploads/2023/06/cover-300x169.png]
[lendr.network/wp-content/uploads/2023/06/Logo-Icon-Transparent-300x300.png]
[lendr.network/affiliate-program/index.html]
[lendr.network/cdn-cgi/l/email-protection.html]
[assets.mlcdn.com/fontsa7ba.css]
[lendr.network/wp-content/plugins/elementor/assets/lib/animations/animations.minf3b2.css]
[lendr.network/wp-content/plugins/elementor/assets/lib/eicons/fonts/eicons080a.svg]
[lendr.network/wp-content/plugins/elementskit-lite/widgets/init/assets/img/cross-out.svg]
[lendr.network/wp-content/plugins/elementor/assets/lib/font-awesome/webfonts/fa-brands-400.svg]
[lendr.network/wp-content/plugins/elementor/assets/lib/font-awesome/webfonts/fa-regular-400.svg]
[lendr.network/wp-content/plugins/elementor/assets/lib/font-awesome/webfonts/fa-solid-900.svg]
[lendr.network/wp-content/uploads/2023/11/milad-fakurian-9Ql6hQJGKw8-unsplash-scaled.jpg]
[lendr.network/wp-content/uploads/elementor/css/post-6495ce2.css]
[lendr.network/index7b0e.html]
[lendr.network/wp-content/uploads/2023/11/milad-fakurian-4IjTS8vNnZA-unsplash-scaled.jpg]
[lendr.network/wp-content/uploads/elementor/css/post-2794382f.css]
[lendr.network/index65e3.html]
[lendr.network/wp-content/uploads/2023/11/milad-fakurian-AVnqBjUdteo-unsplash-scaled.jpg]
[lendr.network/wp-content/uploads/elementor/css/post-3776ba30.css]
[lendr.network/indexdf1e.html]
[lendr.network/wp-content/uploads/2023/11/sebastian-svenson-D1BZo9JlKjM-unsplash-scaled.jpg]
[lendr.network/wp-content/uploads/elementor/css/post-36439533.css]
[lendr.network/indexdc9d.html]
[lendr.network/wp-content/uploads/essential-addons-elementor/eael-29702081.css]
[lendr.network/wp-content/uploads/2023/11/dynamic-wang-uMo1PTIGIR8-unsplash-scaled.jpg]
[lendr.network/wp-content/uploads/elementor/css/post-2970f2c2.css]
[lendr.network/index9a07.html]
[lendr.network/wp-content/plugins/elementor/assets/lib/font-awesome/css/v4-shims.mind9cd.css]
[lendr.network/wp-content/uploads/essential-addons-elementor/eael-3887cc5.css]
[lendr.network/wp-content/uploads/2023/11/milad-fakurian-iUI_C92DrRk-unsplash-scaled.jpg]
[lendr.network/wp-content/uploads/elementor/css/post-388f27c.css]
[lendr.network/index42a9.html]
[lendr.network/wp-content/uploads/essential-addons-elementor/eael-3887cc5.js]
[lendr.network/wp-content/uploads/elementor/css/post-37204fde.css]
[lendr.network/index90ae.html]
