[pitxgrok.vip/index.html]
[backblue.gif]
[fade.gif]
[index.html]
[pitxgrok.vip/wp-content/plugins/themesflat-addons-for-elementor/post-format/assets/css/iziModal1e39.css]
[pitxgrok.vip/indexd784.html]
[pitxgrok.vip/indexa6da.html]
[pitxgrok.vip/wp-content/plugins/elementor/assets/lib/font-awesome/css/all.min1e39.css]
[pitxgrok.vip/wp-content/plugins/elementor/assets/lib/font-awesome/css/regular.min1e39.css]
[pitxgrok.vip/wp-content/plugins/themesflat-addons-for-elementor/assets/css/tf-style1e39.css]
[pitxgrok.vip/wp-content/plugins/metform/public/assets/css/text-editor9e95.css]
[pitxgrok.vip/wp-content/themes/hello-elementor/style.min5b0a.css]
[pitxgrok.vip/wp-content/themes/hello-elementor/theme.min5b0a.css]
[pitxgrok.vip/wp-content/plugins/elementor/assets/css/frontend-lite.min8864.css]
[pitxgrok.vip/wp-content/uploads/elementor/css/post-83f39.css]
[pitxgrok.vip/wp-content/plugins/elementskit-lite/modules/elementskit-icon-pack/assets/css/ekiticons19ce.css]
[pitxgrok.vip/wp-content/plugins/elementor/assets/lib/eicons/css/elementor-icons.min192d.css]
[pitxgrok.vip/wp-content/plugins/elementor/assets/lib/swiper/v8/css/swiper.min94a4.css]
[pitxgrok.vip/wp-content/plugins/Archive/assets/css/frontend-lite.min5d63.css]
[pitxgrok.vip/wp-content/uploads/elementor/css/post-17a962.css]
[pitxgrok.vip/wp-content/plugins/elementor/assets/lib/font-awesome/css/all.min8864.css]
[pitxgrok.vip/wp-content/plugins/elementor/assets/lib/font-awesome/css/v4-shims.min8864.css]
[pitxgrok.vip/wp-content/plugins/elementskit-lite/widgets/init/assets/css/widget-styles19ce.css]
[pitxgrok.vip/wp-content/plugins/elementskit-lite/widgets/init/assets/css/responsive19ce.css]
[pitxgrok.vip/wp-content/plugins/elementor/assets/lib/font-awesome/css/fontawesome.min52d5.css]
[pitxgrok.vip/wp-content/plugins/elementor/assets/lib/font-awesome/css/solid.min52d5.css]
[pitxgrok.vip/wp-content/plugins/elementor/assets/lib/font-awesome/css/brands.min52d5.css]
[pitxgrok.vip/wp-includes/js/jquery/jquery.minf43b.js]
[pitxgrok.vip/wp-includes/js/jquery/jquery-migrate.min5589.js]
[pitxgrok.vip/wp-content/plugins/elementor/assets/lib/swiper/swiper.min1e39.js]
[pitxgrok.vip/wp-content/plugins/elementor/assets/lib/font-awesome/js/v4-shims.min8864.js]
[pitxgrok.vip/index52f0.json]
[pitxgrok.vip/indexe155.json]
[pitxgrok.vip/xmlrpc0db0.php]
[pitxgrok.vip/indexf679.json]
[pitxgrok.vip/indexf21a.php]
[pitxgrok.vip/wp-content/uploads/2023/12/Asset-1-2-150x150.png]
[pitxgrok.vip/wp-content/uploads/2023/12/Asset-1-2-300x300.png]
[pitxgrok.vip/wp-content/uploads/2023/12/Asset-1-2.png]
[pitxgrok.vip/wp-content/uploads/2023/12/649e092c-7672.webp]
[pitxgrok.vip/wp-content/uploads/2023/12/d52d99f309e24acfb9701bbc80c24f18.jpg]
[pitxgrok.vip/wp-content/uploads/2023/12/fd23df70c1bc424baa398025665b4fb6.jpg]
[pitxgrok.vip/wp-content/uploads/2023/12/434833ebc5a2419fab73ce9be8359357.jpg]
[pitxgrok.vip/wp-content/uploads/2023/12/a3c1d9b0ee424680aab21deb54211c51.jpg]
[pitxgrok.vip/wp-content/uploads/2023/12/123.png]
[pitxgrok.vip/wp-content/uploads/2023/12/Asset-2-964x1024.png]
[pitxgrok.vip/wp-content/uploads/2023/12/jackson.jpg]
[pitxgrok.vip/wp-content/uploads/2023/12/42b6a842030048e3b8039ae84b222279.jpg]
[pitxgrok.vip/wp-content/uploads/2023/12/pinksale2.png]
[pitxgrok.vip/wp-content/uploads/2023/12/dexview.png]
[pitxgrok.vip/wp-content/uploads/2023/12/dextools2.png]
[pitxgrok.vip/wp-content/uploads/2023/12/pancake2.png]
[pitxgrok.vip/wp-content/uploads/2023/12/coingecko-2.png]
[pitxgrok.vip/wp-content/uploads/2023/12/cmc-2.png]
[pitxgrok.vip/wp-content/uploads/2023/12/poocoin-2.png]
[pitxgrok.vip/wp-content/uploads/2023/12/isac.jpg]
[pitxgrok.vip/wp-content/uploads/2023/12/profill.jpg]
[pitxgrok.vip/wp-content/uploads/2023/12/5f20a042b12649d6996c9f512185740c.jpg]
[pitxgrok.vip/wp-content/plugins/elementor/assets/css/widget-icon-list.min.css]
[pitxgrok.vip/wp-content/plugins/themesflat-addons-for-elementor/assets/css/owl.carousel1e39.css]
[pitxgrok.vip/wp-content/plugins/metform/public/assets/css/metform-ui9e95.css]
[pitxgrok.vip/wp-content/plugins/metform/public/assets/css/style9e95.css]
[pitxgrok.vip/wp-content/plugins/elementor/assets/lib/animations/animations.min8864.css]
[pitxgrok.vip/wp-content/plugins/themesflat-addons-for-elementor/assets/js/anime.min1e39.js]
[pitxgrok.vip/wp-content/plugins/themesflat-addons-for-elementor/assets/js/textanimation1e39.js]
[pitxgrok.vip/wp-content/plugins/themesflat-addons-for-elementor/assets/js/tf-animated1e39.js]
[pitxgrok.vip/wp-content/plugins/themesflat-addons-for-elementor/assets/js/tf-main1e39.js]
[pitxgrok.vip/wp-content/plugins/themesflat-addons-for-elementor/post-format/assets/js/iziModal1e39.js]
[pitxgrok.vip/wp-content/plugins/themesflat-addons-for-elementor/post-format/assets/js/jquery.mb.YTPlayer1e39.js]
[pitxgrok.vip/wp-content/themes/hello-elementor/assets/js/hello-frontend.min8a54.js]
[pitxgrok.vip/wp-content/plugins/elementskit-lite/libs/framework/assets/js/frontend-script19ce.js]
[pitxgrok.vip/wp-content/plugins/elementskit-lite/widgets/init/assets/js/widget-scripts19ce.js]
[pitxgrok.vip/wp-content/plugins/themesflat-addons-for-elementor/assets/js/owl.carousel.min1e39.js]
[pitxgrok.vip/wp-content/plugins/metform/public/assets/js/htm9e95.js]
[pitxgrok.vip/wp-includes/js/dist/vendor/wp-polyfill-inert.min0226.js]
[pitxgrok.vip/wp-includes/js/dist/vendor/regenerator-runtime.min6c85.js]
[pitxgrok.vip/wp-includes/js/dist/vendor/wp-polyfill.min2c7c.js]
[pitxgrok.vip/wp-includes/js/dist/vendor/react.min7a3b.js]
[pitxgrok.vip/wp-includes/js/dist/vendor/react-dom.min7a3b.js]
[pitxgrok.vip/wp-includes/js/dist/escape-html.min0311.js]
[pitxgrok.vip/wp-includes/js/dist/element.min0eb1.js]
[pitxgrok.vip/wp-content/plugins/metform/public/assets/js/app9e95.js]
[pitxgrok.vip/wp-content/plugins/themesflat-addons-for-elementor/assets/js/jquery.easing1e39.js]
[pitxgrok.vip/wp-content/plugins/Archive/assets/js/webpack-pro.runtime.min5d63.js]
[pitxgrok.vip/wp-content/plugins/elementor/assets/js/webpack.runtime.min8864.js]
[pitxgrok.vip/wp-content/plugins/elementor/assets/js/frontend-modules.min8864.js]
[pitxgrok.vip/wp-includes/js/dist/hooks.min2ebd.js]
[pitxgrok.vip/wp-includes/js/dist/i18n.minf92f.js]
[pitxgrok.vip/wp-content/plugins/Archive/assets/js/frontend.min5d63.js]
[pitxgrok.vip/wp-content/plugins/elementor/assets/lib/waypoints/waypoints.min05da.js]
[pitxgrok.vip/wp-includes/js/jquery/ui/core.min3f14.js]
[pitxgrok.vip/wp-content/plugins/elementor/assets/js/frontend.min8864.js]
[pitxgrok.vip/wp-content/plugins/Archive/assets/js/elements-handlers.min5d63.js]
[pitxgrok.vip/wp-content/plugins/elementskit-lite/widgets/init/assets/js/animate-circle.min19ce.js]
[pitxgrok.vip/wp-content/plugins/elementskit-lite/widgets/init/assets/js/elementor19ce.js]
[pitxgrok.vip/index.html]
[pitxgrok.vip/wp-content/plugins/themesflat-addons-for-elementor/post-format/assets/css/iziModal1e39.css]
[pitxgrok.vip/wp-content/plugins/elementor/assets/lib/font-awesome/webfonts/fa-brands-400.eot]
[pitxgrok.vip/wp-content/plugins/elementor/assets/lib/font-awesome/webfonts/fa-brands-400d41d.eot]
[pitxgrok.vip/wp-content/plugins/elementor/assets/lib/font-awesome/webfonts/fa-brands-400.woff2]
[pitxgrok.vip/wp-content/plugins/elementor/assets/lib/font-awesome/webfonts/fa-brands-400.woff]
[pitxgrok.vip/wp-content/plugins/elementor/assets/lib/font-awesome/webfonts/fa-brands-400.ttf]
[pitxgrok.vip/wp-content/plugins/elementor/assets/lib/font-awesome/webfonts/fa-regular-400.eot]
[pitxgrok.vip/wp-content/plugins/elementor/assets/lib/font-awesome/webfonts/fa-brands-400.svg]
[pitxgrok.vip/wp-content/plugins/elementor/assets/lib/font-awesome/webfonts/fa-regular-400d41d.eot]
[pitxgrok.vip/wp-content/plugins/elementor/assets/lib/font-awesome/webfonts/fa-regular-400.woff2]
[pitxgrok.vip/wp-content/plugins/elementor/assets/lib/font-awesome/webfonts/fa-regular-400.woff]
[pitxgrok.vip/wp-content/plugins/elementor/assets/lib/font-awesome/webfonts/fa-regular-400.ttf]
[pitxgrok.vip/wp-content/plugins/elementor/assets/lib/font-awesome/webfonts/fa-regular-400.svg]
[pitxgrok.vip/wp-content/plugins/elementor/assets/lib/font-awesome/webfonts/fa-solid-900.eot]
[pitxgrok.vip/wp-content/plugins/elementor/assets/lib/font-awesome/webfonts/fa-solid-900d41d.eot]
[pitxgrok.vip/wp-content/plugins/elementor/assets/lib/font-awesome/webfonts/fa-solid-900.woff2]
[pitxgrok.vip/wp-content/plugins/elementor/assets/lib/font-awesome/webfonts/fa-solid-900.woff]
[pitxgrok.vip/wp-content/plugins/elementor/assets/lib/font-awesome/webfonts/fa-solid-900.ttf]
[pitxgrok.vip/wp-content/plugins/elementor/assets/lib/font-awesome/css/all.min1e39.css]
[pitxgrok.vip/wp-content/plugins/elementor/assets/lib/font-awesome/css/regular.min1e39.css]
[pitxgrok.vip/wp-content/plugins/elementor/assets/lib/font-awesome/webfonts/fa-solid-900.svg]
[pitxgrok.vip/wp-content/plugins/themesflat-addons-for-elementor/assets/css/loading/loading.gif]
[pitxgrok.vip/wp-content/plugins/themesflat-addons-for-elementor/assets/img/icon-close.png]
[pitxgrok.vip/wp-content/plugins/themesflat-addons-for-elementor/assets/img/bg-testimonial-new-002.png]
[pitxgrok.vip/wp-content/plugins/themesflat-addons-for-elementor/assets/css/tf-style1e39.css]
[pitxgrok.vip/wp-content/plugins/metform/public/assets/css/text-editor9e95.css]
[pitxgrok.vip/wp-content/themes/hello-elementor/style.min5b0a.css]
[pitxgrok.vip/wp-content/themes/hello-elementor/theme.min5b0a.css]
[pitxgrok.vip/wp-content/plugins/elementor/assets/css/frontend-lite.min8864.css]
[pitxgrok.vip/wp-content/uploads/elementor/css/post-83f39.css]
[pitxgrok.vip/wp-content/plugins/elementskit-lite/modules/elementskit-icon-pack/assets/fonts/elementskit97ac.woff]
[pitxgrok.vip/wp-content/plugins/elementskit-lite/modules/elementskit-icon-pack/assets/css/ekiticons19ce.css]
[pitxgrok.vip/wp-content/plugins/elementor/assets/lib/eicons/fonts/eicons9506.woff2]
[pitxgrok.vip/wp-content/plugins/elementor/assets/lib/eicons/fonts/eicons9506.eot]
[pitxgrok.vip/wp-content/plugins/elementor/assets/lib/eicons/fonts/eicons9506.woff]
[pitxgrok.vip/wp-content/plugins/elementor/assets/lib/eicons/fonts/eicons9506.ttf]
[pitxgrok.vip/wp-content/plugins/elementor/assets/lib/eicons/css/elementor-icons.min192d.css]
[pitxgrok.vip/wp-content/plugins/elementor/assets/lib/swiper/v8/css/swiper.min94a4.css]
[pitxgrok.vip/wp-content/plugins/Archive/assets/css/frontend-lite.min5d63.css]
[pitxgrok.vip/wp-content/uploads/elementor/css/post-17a962.css]
[pitxgrok.vip/wp-content/plugins/elementor/assets/lib/font-awesome/css/all.min8864.css]
[pitxgrok.vip/wp-content/plugins/elementor/assets/lib/font-awesome/css/v4-shims.min8864.css]
[pitxgrok.vip/wp-content/plugins/elementor/assets/lib/eicons/fonts/eicons9506.svg]
[pitxgrok.vip/wp-content/plugins/elementskit-lite/widgets/init/assets/img/arrow.png]
[pitxgrok.vip/wp-content/plugins/elementskit-lite/widgets/init/assets/img/sort_asc.png]
[pitxgrok.vip/wp-content/plugins/elementskit-lite/widgets/init/assets/img/sort_desc.png]
[pitxgrok.vip/wp-content/plugins/elementskit-lite/widgets/init/assets/img/sort_asc_disabled.png]
[pitxgrok.vip/wp-content/plugins/elementskit-lite/widgets/init/assets/css/widget-styles19ce.css]
[pitxgrok.vip/wp-content/plugins/elementskit-lite/widgets/init/assets/css/responsive19ce.css]
[pitxgrok.vip/wp-content/plugins/elementor/assets/lib/font-awesome/css/fontawesome.min52d5.css]
[pitxgrok.vip/wp-content/plugins/elementor/assets/lib/font-awesome/css/solid.min52d5.css]
[pitxgrok.vip/wp-content/plugins/elementor/assets/lib/font-awesome/css/brands.min52d5.css]
[pixsolana-dfc6ed.ingress-haven.ewp.live/wp-content/plugins/elementor/assets/images/placeholder.png]
[pitxgrok.vip/wp-content/plugins/elementor/assets/css/widget-icon-list.min.css]
[pitxgrok.vip/wp-content/plugins/elementskit-lite/widgets/init/assets/img/cross-out.svg]
[pitxgrok.vip/wp-content/plugins/themesflat-addons-for-elementor/assets/css/owl.carousel1e39.css]
[pitxgrok.vip/wp-content/plugins/metform/public/assets/css/metform-ui9e95.css]
[pitxgrok.vip/wp-content/plugins/metform/public/assets/css/style9e95.css]
[pitxgrok.vip/wp-content/plugins/elementor/assets/lib/animations/animations.min8864.css]
[pitxgrok.vip/wp-content/plugins/elementor/assets/lib/font-awesome/webfonts/fa-brands-400.svg]
[pitxgrok.vip/wp-content/plugins/elementor/assets/lib/font-awesome/webfonts/fa-regular-400.svg]
[pitxgrok.vip/wp-content/plugins/elementor/assets/lib/font-awesome/webfonts/fa-solid-900.svg]
[pitxgrok.vip/wp-content/plugins/elementor/assets/lib/eicons/fonts/eicons9506.svg]
[pitxgrok.vip/wp-content/plugins/elementskit-lite/widgets/init/assets/img/cross-out.svg]
[pitxgrok.vip/wp-content/plugins/themesflat-addons-for-elementor/assets/css/owl.video.play.html]
